M:\nws\swrmkewi.txt
M:\nws\zfpvefnv.txt
M:\nws\afdabqnm.txt
M:\nws\afdabrsd.txt
M:\nws\afdalyny.txt
M:\nws\afdamatx.txt
M:\nws\afdapnmi.txt
M:\nws\afdatlga.txt
M:\nws\afdbgmny.txt
M:\nws\afdbhmal.txt
M:\nws\afdbilmt.txt
M:\nws\afdbisnd.txt
M:\nws\afdbnatn.txt
M:\nws\afdboiid.txt
M:\nws\afdboxma.txt
M:\nws\afdbrotx.txt
M:\nws\afdbtvvt.txt
M:\nws\afdbufny.txt
M:\nws\afdcaesc.txt
M:\nws\afdcarme.txt
M:\nws\afdchssc.txt
M:\nws\afdcleoh.txt
M:\nws\afdcyswy.txt
M:\nws\AFDDDCKS.TXT
M:\nws\afddsmia.txt
M:\nws\afddtxmi.txt
M:\nws\afdekaca.txt
M:\nws\afdekonv.txt
M:\nws\afdeywfl.txt
M:\nws\afdfarnd.txt
M:\nws\afdfatca.txt
M:\nws\afdflgaz.txt
M:\nws\afdfsdsd.txt
M:\nws\afdftwtx.txt
M:\nws\afdfwain.txt
M:\nws\afdgegwa.txt
M:\nws\afdggwmt.txt
M:\nws\afdgjtco.txt
M:\nws\afdgrine.txt
M:\nws\afdgrrmi.txt
M:\nws\afdgspsc.txt
M:\nws\afdgumgu.txt
M:\nws\afdgyxme.txt
M:\nws\afdhoutx.txt
M:\nws\afdictks.txt
M:\nws\afdilnoh.txt
M:\nws\afdjklky.txt
M:\nws\afdlasnv.txt
M:\nws\afdlchla.txt
M:\nws\afdlitar.txt
M:\nws\afdloxca.txt
M:\nws\afdlwxmd.txt
M:\nws\afdmaftx.txt
M:\nws\afdmcimo.txt
M:\nws\afdmemtn.txt
M:\nws\AFDMFROR.TXT
M:\nws\afdmhxnc.txt
M:\nws\afdmiafl.txt
M:\nws\afdmlbfl.txt
M:\nws\afdmobal.txt
M:\nws\afdmqtmi.txt
M:\nws\afdmrxtn.txt
M:\nws\afdmsomt.txt
M:\nws\afdmspmn.txt
M:\nws\afdmtrca.txt
M:\nws\afdnewla.txt
M:\nws\afdokcok.txt
M:\nws\afdokxny.txt
M:\nws\afdomane.txt
M:\nws\afdpahky.txt
M:\nws\afdpbzpa.txt
M:\nws\afdpdtor.txt
M:\nws\afdphipa.txt
M:\nws\afdpihid.txt
M:\nws\afdpqror.txt
M:\nws\afdpsraz.txt
M:\nws\afdrahnc.txt
M:\nws\afdrapsd.txt
M:\nws\afdrevnv.txt
M:\nws\afdriwwy.txt
M:\nws\afdrlxwv.txt
M:\nws\afdrnkva.txt
M:\nws\afdsacca.txt
M:\nws\afdsanca.txt
M:\nws\afdsattx.txt
M:\nws\afdsewwa.txt
M:\nws\afdshvla.txt
M:\nws\afdsjttx.txt
M:\nws\afdsjupr.txt
M:\nws\afdslcut.txt
M:\nws\afdstlmo.txt
M:\nws\afdtfxmt.txt
M:\nws\afdtlhfl.txt
M:\nws\afdtusaz.txt
M:\nws\afpfarnd.txt
M:\nws\afplbbtx.txt
M:\nws\afpokcok.txt
M:\nws\afprapsd.txt
M:\nws\afptulok.txt
M:\nws\ashx20us.txt
M:\nws\ashx21us.txt
M:\nws\awsddcks.txt
M:\nws\awsgldks.txt
M:\nws\awsgrbwi.txt
M:\nws\awsgrine.txt
M:\nws\awsilxil.txt
M:\nws\awslsewi.txt
M:\nws\awsmcimo.txt
M:\nws\awsomane.txt
M:\nws\awspahky.txt
M:\nws\awsrapsd.txt
M:\nws\awsriwwy.txt
M:\nws\awssgfmo.txt
M:\nws\awsshvla.txt
M:\nws\awsstlmo.txt
M:\nws\awstopks.txt
M:\nws\awstulok.txt
M:\nws\cgrekaca.txt
M:\nws\cgrlaxca.txt
M:\nws\cgrpwmme.txt
M:\nws\cgrsanca.txt
M:\nws\cgrseawa.txt
M:\nws\cgrsfoca.txt
M:\nws\CLIABEPA.TXT
M:\nws\cliabqnm.txt
M:\nws\cliagsga.txt
M:\nws\clialbny.txt
M:\nws\cliavlnc.txt
M:\nws\clibdrny.txt
M:\nws\clibffne.txt
M:\nws\clibhmal.txt
M:\nws\clibnatn.txt
M:\nws\clibptla.txt
M:\nws\clibtrla.txt
M:\nws\clicaesc.txt
M:\nws\clicarme.txt
M:\nws\clichssc.txt
M:\nws\clicleoh.txt
M:\nws\clicltnc.txt
M:\nws\cliconme.txt
M:\nws\clicrptx.txt
M:\nws\clicrwwv.txt
M:\nws\clicvgoh.txt
M:\nws\clidayoh.txt
M:\nws\clidbqia.txt
M:\nws\clidcamd.txt
M:\nws\clidenco.txt
M:\nws\cliekonv.txt
M:\nws\clievvfl.txt
M:\nws\clifarnd.txt
M:\nws\cliflgaz.txt
M:\nws\clifsmok.txt
M:\nws\clifwain.txt
M:\nws\cligrbwi.txt
M:\nws\cligspsc.txt
M:\nws\cliharpa.txt
M:\nws\clihsval.txt
M:\nws\cliictks.txt
M:\nws\cliindin.txt
M:\nws\clijanms.txt
M:\nws\clijaxfl.txt
M:\nws\clijklky.txt
M:\nws\clilchla.txt
M:\nws\clilitar.txt
M:\nws\clilnkne.txt
M:\nws\clilsewi.txt
M:\nws\climaftx.txt
M:\nws\climeims.txt
M:\nws\climfror.txt
M:\nws\climgmal.txt
M:\nws\climkewi.txt
M:\nws\climlbfl.txt
M:\nws\climliil.txt
M:\nws\climsnwi.txt
M:\nws\clinycny.txt
M:\nws\cliokcok.txt
M:\nws\cliomane.txt
M:\nws\clipihid.txt
M:\nws\clipitpa.txt
M:\nws\clipwmme.txt
M:\nws\cliricva.txt
M:\nws\clirocva.txt
M:\nws\clisattx.txt
M:\nws\clisavga.txt
M:\nws\clisgfmo.txt
M:\nws\clishvla.txt
M:\nws\clispsok.txt
M:\nws\clistlmo.txt
M:\nws\clitlhfl.txt
M:\nws\clitpafl.txt
M:\nws\clitulok.txt
M:\nws\clitusaz.txt
M:\nws\cliyngoh.txt
M:\nws\cwfakqus.txt
M:\nws\cwfakqva.txt
M:\nws\cwfbosma.txt
M:\nws\cwfbosus.txt
M:\nws\cwfbrotx.txt
M:\nws\cwfbrous.txt
M:\nws\cwfcarme.txt
M:\nws\cwfcarus.txt
M:\nws\cwfchssc.txt
M:\nws\cwfchsus.txt
M:\nws\cwfcrptx.txt
M:\nws\cwfcrpus.txt
M:\nws\cwfekaca.txt
M:\nws\cwfekaus.txt
M:\nws\cwfeywfl.txt
M:\nws\cwfeywus.txt
M:\nws\cwfhfohi.txt
M:\nws\cwfhfous.txt
M:\nws\cwfhgxtx.txt
M:\nws\cwfhgxus.txt
M:\nws\cwfilmnc.txt
M:\nws\cwfilmus.txt
M:\nws\cwfjaxfl.txt
M:\nws\cwfjaxus.txt
M:\nws\cwflaxca.txt
M:\nws\cwflaxus.txt
M:\nws\cwflchla.txt
M:\nws\cwflchus.txt
M:\nws\cwfmfror.txt
M:\nws\cwfmfrus.txt
M:\nws\cwfmhxnc.txt
M:\nws\cwfmhxus.txt
M:\nws\cwfmiafl.txt
M:\nws\cwfmiaus.txt
M:\nws\cwfmlbfl.txt
M:\nws\cwfmlbus.txt
M:\nws\cwfmobal.txt
M:\nws\cwfmobus.txt
M:\nws\cwfnewla.txt
M:\nws\cwfnewus.txt
M:\nws\cwfnycny.txt
M:\nws\cwfnycus.txt
M:\nws\cwfpdxor.txt
M:\nws\cwfpdxus.txt
M:\nws\cwfphlpa.txt
M:\nws\cwfphlus.txt
M:\nws\cwfpwmme.txt
M:\nws\cwfpwmus.txt
M:\nws\cwfseaus.txt
M:\nws\cwfseawa.txt
M:\nws\cwfsfoca.txt
M:\nws\cwfsfous.txt
M:\nws\cwfsgxca.txt
M:\nws\cwfsgxus.txt
M:\nws\cwfsjupr.txt
M:\nws\cwfsjuus.txt
M:\nws\cwfspnpr.txt
M:\nws\cwfspnus.txt
M:\nws\cwftbwfl.txt
M:\nws\cwftbwus.txt
M:\nws\cwftlhfl.txt
M:\nws\cwftlhus.txt
M:\nws\cwfwbcmd.txt
M:\nws\cwfwbcus.txt
M:\nws\cwfwhxcn.txt
M:\nws\cwfwhxus.txt
M:\nws\cwfyqxcn.txt
M:\nws\cwfyqxus.txt
M:\nws\dy1oneus.txt
M:\nws\efpancak.txt
M:\nws\efpwhxcn.txt
M:\nws\efpwtocn.txt
M:\nws\efpwvrcn.txt
M:\nws\efpwxkcn.txt
M:\nws\efpyqxcn.txt
M:\nws\ephtwous.txt
M:\nws\eqrqedus.txt
M:\nws\essslcut.txt
M:\nws\esstiril.txt
M:\nws\esstirin.txt
M:\nws\esstirky.txt
M:\nws\esstirny.txt
M:\nws\esstiroh.txt
M:\nws\esstirpa.txt
M:\nws\esstirtn.txt
M:\nws\esstirwv.txt
M:\nws\faaaf5us.txt
M:\nws\faaafaus.txt
M:\nws\faaan5us.txt
M:\nws\faaancus.txt
M:\nws\faabosus.txt
M:\nws\faachius.txt
M:\nws\faadfwus.txt
M:\nws\faamiaus.txt
M:\nws\fedbacus.txt
M:\nws\ffaftwtx.txt
M:\nws\ffgakqva.txt
M:\nws\ffgatlga.txt
M:\nws\ffgbhmal.txt
M:\nws\ffgbnatn.txt
M:\nws\ffgcaesc.txt
M:\nws\ffgchssc.txt
M:\nws\ffgftwtx.txt
M:\nws\ffggspsc.txt
M:\nws\ffgilmnc.txt
M:\nws\ffgjanms.txt
M:\nws\ffgjaxfl.txt
M:\nws\ffglchla.txt
M:\nws\ffglitar.txt
M:\nws\ffgmemtn.txt
M:\nws\ffgmhxnc.txt
M:\nws\ffgmiafl.txt
M:\nws\ffgmlbfl.txt
M:\nws\ffgmobal.txt
M:\nws\ffgmrxtn.txt
M:\nws\ffgnewla.txt
M:\nws\ffgpahky.txt
M:\nws\ffgrdunc.txt
M:\nws\ffgrnkva.txt
M:\nws\ffgsgfmo.txt
M:\nws\ffgshvla.txt
M:\nws\ffgsjupr.txt
M:\nws\ffgstlmo.txt
M:\nws\ffgtbwfl.txt
M:\nws\ffgtlhfl.txt
M:\nws\ffgtulok.txt
M:\nws\ffhsilla.txt
M:\nws\ffsbtvvt.txt
M:\nws\ffsftwtx.txt
M:\nws\ffsshvla.txt
M:\nws\flsbnatn.txt
M:\nws\flsbrotx.txt
M:\nws\flsftwtx.txt
M:\nws\flsjanms.txt
M:\nws\flsmhxnc.txt
M:\nws\flsmrxtn.txt
M:\nws\flsshvla.txt
M:\nws\flwlchla.txt
M:\nws\flwshvla.txt
M:\nws\ftmictks.txt
M:\nws\ftmjanms.txt
M:\nws\fwfabqnm.txt
M:\nws\fwfafgak.txt
M:\nws\fwfapnmi.txt
M:\nws\FWFBHMAL.TXT
M:\nws\fwfcaesc.txt
M:\nws\fwfchiil.txt
M:\nws\fwfchssc.txt
M:\nws\FWFCRWWV.TXT
M:\nws\fwfepztx.txt
M:\nws\fwfgjtco.txt
M:\nws\fwfilmnc.txt
M:\nws\fwfjaxfl.txt
M:\nws\fwflaxca.txt
M:\nws\fwflitar.txt
M:\nws\fwfmaftx.txt
M:\nws\fwfmflfl.txt
M:\nws\fwfmfror.txt
M:\nws\fwfmlbfl.txt
M:\nws\fwfmobal.txt
M:\nws\fwfmsomt.txt
M:\nws\fwfpahky.txt
M:\nws\fwfpdtor.txt
M:\nws\fwfphxaz.txt
M:\nws\fwfpqror.txt
M:\nws\fwfrddva.txt
M:\nws\fwfsewwa.txt
M:\nws\fwfsleor.txt
M:\nws\fwftbwfl.txt
M:\nws\fwfucrca.txt
M:\nws\glfbufus.txt
M:\nws\glfcleus.txt
M:\nws\glfmqtus.txt
M:\nws\glfwqtus.txt
M:\nws\hammodus.txt
M:\nws\hattwdus.txt
M:\nws\hff010us.txt
M:\nws\hffat1us.txt
M:\nws\hffat2us.txt
M:\nws\hffep2us.txt
M:\nws\hffepius.txt
M:\nws\hffnp1us.txt
M:\nws\hffsp1us.txt
M:\nws\hsfs01us.txt
M:\nws\iceancak.txt
M:\nws\intamsus.txt
M:\nws\lfpabrak.txt
M:\nws\lfpacdak.txt
M:\nws\lfpadqak.txt
M:\nws\lfpalyny.txt
M:\nws\lfpamcak.txt
M:\nws\lfpaomak.txt
M:\nws\lfpasnak.txt
M:\nws\lfpavdak.txt
M:\nws\lfpbrotx.txt
M:\nws\LFPCHIIL.TXT
M:\nws\lfpdlhmn.txt
M:\nws\lfphsval.txt
M:\nws\lfpitohi.txt
M:\nws\LFPLIHHI.TXT
M:\nws\lfplwxmd.txt
M:\nws\lfpmkewi.txt
M:\nws\LFPMSPMN.TXT
M:\nws\lfpvcttx.txt
M:\nws\lsrbisnd.txt
M:\nws\lsrfsdsd.txt
M:\nws\lsrokcok.txt
M:\nws\mimatnus.txt
M:\nws\mimpacus.txt
M:\nws\misacynj.txt
M:\nws\misagtks.txt
M:\nws\miscrptx.txt
M:\nws\misk58fj.txt
M:\nws\misolmwa.txt
M:\nws\misq31gu.txt
M:\nws\miss70us.txt
M:\nws\miss80us.txt
M:\nws\missilla.txt
M:\nws\misw31hi.txt
M:\nws\miswegcn.txt
M:\nws\miswlwcn.txt
M:\nws\miswshus.txt
M:\nws\miswu2cn.txt
M:\nws\misx02cn.txt
M:\nws\misx04cn.txt
M:\nws\mwsapnmi.txt
M:\nws\mwshfohi.txt
M:\nws\mwsmqtmi.txt
M:\nws\mwswhxcn.txt
M:\nws\mwsyqxcn.txt
M:\nws\nowabrsd.txt
M:\nws\nowalbny.txt
M:\nws\nowamatx.txt
M:\nws\nowannak.txt
M:\nws\nowbgmny.txt
M:\nws\nowbnatn.txt
M:\nws\nowbtvvt.txt
M:\nws\nowbufny.txt
M:\nws\nowcaesc.txt
M:\nws\nowcleoh.txt
M:\nws\nowcrwwv.txt
M:\nws\nowctppa.txt
M:\nws\nowddcks.txt
M:\nws\nowdlhmn.txt
M:\nws\nowdsmia.txt
M:\nws\nowdtxmi.txt
M:\nws\nowekonv.txt
M:\nws\nowfarnd.txt
M:\nws\nowftwtx.txt
M:\nws\nowfwain.txt
M:\nws\nowgegwa.txt
M:\nws\nowggwmt.txt
M:\nws\nowgrbwi.txt
M:\nws\nowgrine.txt
M:\nws\nowgtfmt.txt
M:\nws\nowhoutx.txt
M:\nws\nowilnoh.txt
M:\nws\nowilxil.txt
M:\nws\nowindin.txt
M:\nws\nowjanms.txt
M:\nws\nowjklky.txt
M:\nws\nowjnuak.txt
M:\nws\nowlbbtx.txt
M:\nws\nowlchla.txt
M:\nws\nowlitar.txt
M:\nws\nowmaftx.txt
M:\nws\nowmemtn.txt
M:\nws\nowmkewi.txt
M:\nws\nowmliil.txt
M:\nws\nowmqtmi.txt
M:\nws\nowmsomt.txt
M:\nws\nowmspmn.txt
M:\nws\nownewla.txt
M:\nws\nownycny.txt
M:\nws\nowokcok.txt
M:\nws\nowpahky.txt
M:\nws\nowrnkva.txt
M:\nws\nowsattx.txt
M:\nws\nowsdfky.txt
M:\nws\nowsgfmo.txt
M:\nws\nowshvla.txt
M:\nws\nowsjttx.txt
M:\nws\nowstlmo.txt
M:\nws\nowtlhfl.txt
M:\nws\nowtulok.txt
M:\nws\nowwbcmd.txt
M:\nws\nowyakak.txt
M:\nws\npwabrsd.txt
M:\nws\npwbisnd.txt
M:\nws\npwcyswy.txt
M:\nws\npwfsdsd.txt
M:\nws\npwggwmt.txt
M:\nws\npwgldks.txt
M:\nws\npwgrbwi.txt
M:\nws\npwgrine.txt
M:\nws\npwilxil.txt
M:\nws\npwlasnv.txt
M:\nws\npwlsewi.txt
M:\nws\npwmspmn.txt
M:\nws\npwrapsd.txt
M:\nws\npwsanca.txt
M:\nws\npwsgfmo.txt
M:\nws\nshapxus.txt
M:\nws\nshbufus.txt
M:\nws\nshcleus.txt
M:\nws\nshdlhus.txt
M:\nws\nshgrbus.txt
M:\nws\NSHGRRUS.TXT
M:\nws\nshlotus.txt
M:\nws\nshmkxus.txt
M:\nws\nshmqtus.txt
M:\nws\NWX002US.TXT
M:\nws\NWX003US.TXT
M:\nws\NWX005US.TXT
M:\nws\nwx610us.txt
M:\nws\nwxcfous.txt
M:\nws\nwxqp2us.txt
M:\nws\nwxqpfus.txt
M:\nws\nwxwnous.txt
M:\nws\obsa01fm.txt
M:\nws\obsa01ja.txt
M:\nws\obsa31gu.txt
M:\nws\obsc01as.txt
M:\nws\obsc02nn.txt
M:\nws\obse01fj.txt
M:\nws\obse01nz.txt
M:\nws\obsf01fp.txt
M:\nws\obsg01pn.txt
M:\nws\obsg40au.txt
M:\nws\obsj01fj.txt
M:\nws\obso01si.txt
M:\nws\obss20nz.txt
M:\nws\obss21nz.txt
M:\nws\obss40au.txt
M:\nws\obss50hi.txt
M:\nws\obsu01au.txt
M:\nws\obsu01ci.txt
M:\nws\obsu03au.txt
M:\nws\obsu40au.txt
M:\nws\obsu44au.txt
M:\nws\obsu45au.txt
M:\nws\obsu46au.txt
M:\nws\obsu47au.txt
M:\nws\obsu49au.txt
M:\nws\obsu51au.txt
M:\nws\obsu54au.txt
M:\nws\obsv01vu.txt
M:\nws\obsz01nz.txt
M:\nws\offacyus.txt
M:\nws\offancak.txt
M:\nws\offbosus.txt
M:\nws\offlaxus.txt
M:\nws\offn01us.txt
M:\nws\offn02us.txt
M:\nws\offn03us.txt
M:\nws\offn04us.txt
M:\nws\offn05us.txt
M:\nws\offn06us.txt
M:\nws\offn07us.txt
M:\nws\offn08us.txt
M:\nws\offn09us.txt
M:\nws\offpdxus.txt
M:\nws\offwhxcn.txt
M:\nws\omrajnak.txt
M:\nws\OMRAKQVA.TXT
M:\nws\omrancak.txt
M:\nws\omrapnmi.txt
M:\nws\omrbosma.txt
M:\nws\omrbufny.txt
M:\nws\omrchiil.txt
M:\nws\omrcleoh.txt
M:\nws\omrdtwmi.txt
M:\nws\omrgrbwi.txt
M:\nws\omrilmnc.txt
M:\nws\omrlaxca.txt
M:\nws\omrmkewi.txt
M:\nws\omrmkgmi.txt
M:\nws\omrnmwor.txt
M:\nws\omrphlpa.txt
M:\nws\omrsanca.txt
M:\nws\omrssmmi.txt
M:\nws\omrtbwfl.txt
M:\nws\omrwbcmd.txt
M:\nws\opubisnd.txt
M:\nws\opuchssc.txt
M:\nws\opuddcks.txt
M:\nws\opufarnd.txt
M:\nws\opuggwmt.txt
M:\nws\opumkxwi.txt
M:\nws\opupdxor.txt
M:\nws\pacgtwau.txt
M:\nws\pacmslus.txt
M:\nws\pafffnfj.txt
M:\nws\pafffnki.txt
M:\nws\pafffnws.txt
M:\nws\pafgumus.txt
M:\nws\pafu40ci.txt
M:\nws\pafu41ci.txt
M:\nws\pcfafdas.txt
M:\nws\pcfffnci.txt
M:\nws\pcfffnfj.txt
M:\nws\pcfffnki.txt
M:\nws\pcfffntg.txt
M:\nws\pcfffntk.txt
M:\nws\pcfffntu.txt
M:\nws\pcfffnue.txt
M:\nws\pcfffnwf.txt
M:\nws\plschiil.txt
M:\nws\pmfc01nn.txt
M:\nws\pmfc02nn.txt
M:\nws\pmff10fp.txt
M:\nws\pmfffnus.txt
M:\nws\pmfgtwau.txt
M:\nws\pmfgumgu.txt
M:\nws\pmfq50fm.txt
M:\nws\pmfs43us.txt
M:\nws\pmfs44us.txt
M:\nws\pmfu20au.txt
M:\nws\pmfwbbnn.txt
M:\nws\pmfy20gu.txt
M:\nws\pmfz40nz.txt
M:\nws\pmfzklnz.txt
M:\nws\pnsbhmal.txt
M:\nws\pnsdenco.txt
M:\nws\pnsfsdsd.txt
M:\nws\pnsgldks.txt
M:\nws\pnsgrine.txt
M:\nws\pnsictks.txt
M:\nws\pnsindin.txt
M:\nws\pnsmcimo.txt
M:\nws\pnsmliil.txt
M:\nws\pnsmqtmi.txt
M:\nws\pnsnewla.txt
M:\nws\pnsnycny.txt
M:\nws\pnsosohi.txt
M:\nws\pnsrnkva.txt
M:\nws\pnss90us.txt
M:\nws\pnssgfmo.txt
M:\nws\pnsshvla.txt
M:\nws\PNSSPIIL.TXT
M:\nws\pnswshus.txt
M:\nws\qpsabqnm.txt
M:\nws\qpsatlga.txt
M:\nws\QPSBISND.TXT
M:\nws\qpsbnatn.txt
M:\nws\qpsbrotx.txt
M:\nws\QPSBUFNY.TXT
M:\nws\qpscaesc.txt
M:\nws\qpscrptx.txt
M:\nws\qpsctppa.txt
M:\nws\qpsdlhmn.txt
M:\nws\qpsdsmia.txt
M:\nws\qpsdtxmi.txt
M:\nws\qpsftwtx.txt
M:\nws\qpsfwain.txt
M:\nws\qpsgldks.txt
M:\nws\qpsjanms.txt
M:\nws\qpsjaxfl.txt
M:\nws\qpsmemtn.txt
M:\nws\qpsmiafl.txt
M:\nws\QPSMOBAL.TXT
M:\nws\qpsnewla.txt
M:\nws\QPSPAHKY.TXT
M:\nws\qpspitpa.txt
M:\nws\qpsrnkva.txt
M:\nws\qpssanca.txt
M:\nws\qpssgfmo.txt
M:\nws\qpstbwfl.txt
M:\nws\qpstlhfl.txt
M:\nws\radbrous.txt
M:\nws\radcrpus.txt
M:\nws\radewxus.txt
M:\nws\radgrkus.txt
M:\nws\radhgxus.txt
M:\nws\radlchus.txt
M:\nws\radlzkus.txt
M:\nws\rdfalyny.txt
M:\nws\rdfpbzpa.txt
M:\nws\rdftulok.txt
M:\nws\recalyny.txt
M:\nws\recbisnd.txt
M:\nws\recbouco.txt
M:\nws\recbtvvt.txt
M:\nws\reccaesc.txt
M:\nws\recchssc.txt
M:\nws\recdenco.txt
M:\nws\reclknnv.txt
M:\nws\recmhxnc.txt
M:\nws\recmrxtn.txt
M:\nws\recpqror.txt
M:\nws\recrevnv.txt
M:\nws\recseawa.txt
M:\nws\rectopks.txt
M:\nws\rercyswy.txt
M:\nws\rerdsmia.txt
M:\nws\rergjtco.txt
M:\nws\rersgfmo.txt
M:\nws\rfwflgaz.txt
M:\nws\rfwgjtco.txt
M:\nws\rfwphxaz.txt
M:\nws\rtpabrsd.txt
M:\nws\rtpapnmi.txt
M:\nws\rtpbisnd.txt
M:\nws\rtpbnatn.txt
M:\nws\rtpboiid.txt
M:\nws\rtpchiil.txt
M:\nws\rtpdenco.txt
M:\nws\rtpdlhmn.txt
M:\nws\rtpdtxmi.txt
M:\nws\rtpfsdsd.txt
M:\nws\rtpgjtco.txt
M:\nws\rtpgldks.txt
M:\nws\rtpgrine.txt
M:\nws\rtpgrrmi.txt
M:\nws\rtphnxca.txt
M:\nws\rtpictks.txt
M:\nws\rtpilxil.txt
M:\nws\rtpjaxfl.txt
M:\nws\rtplbfne.txt
M:\nws\rtplknnv.txt
M:\nws\rtploxca.txt
M:\nws\rtplsewi.txt
M:\nws\rtpmaftx.txt
M:\nws\rtpmcimo.txt
M:\nws\rtpmfror.txt
M:\nws\rtpmiafl.txt
M:\nws\rtpmkewi.txt
M:\nws\rtpomane.txt
M:\nws\rtppdtor.txt
M:\nws\rtppqror.txt
M:\nws\rtppsraz.txt
M:\nws\rtppubco.txt
M:\nws\rtprevnv.txt
M:\nws\rtpriwwy.txt
M:\nws\rtpsdfky.txt
M:\nws\rtpsgfmo.txt
M:\nws\rtpstlmo.txt
M:\nws\rtpstoca.txt
M:\nws\rtptbwfl.txt
M:\nws\rtptopks.txt
M:\nws\rtptwcaz.txt
M:\nws\rvaamatx.txt
M:\nws\rvabisnd.txt
M:\nws\rvabnatn.txt
M:\nws\rvabrotx.txt
M:\nws\rvacaesc.txt
M:\nws\rvachssc.txt
M:\nws\rvacinoh.txt
M:\nws\rvacrptx.txt
M:\nws\rvacrwwv.txt
M:\nws\rvaddcks.txt
M:\nws\rvadsmia.txt
M:\nws\rvadtxmi.txt
M:\nws\rvaftwtx.txt
M:\nws\rvafwain.txt
M:\nws\rvahoutx.txt
M:\nws\rvaictks.txt
M:\nws\rvailnoh.txt
M:\nws\rvaindin.txt
M:\nws\rvajanms.txt
M:\nws\rvajklky.txt
M:\nws\rvakrfmo.txt
M:\nws\rvalbbtx.txt
M:\nws\rvalitar.txt
M:\nws\rvalsewi.txt
M:\nws\rvamcimo.txt
M:\nws\rvamemtn.txt
M:\nws\rvamiafl.txt
M:\nws\rvamliil.txt
M:\nws\rvamqtmi.txt
M:\nws\rvamrxtn.txt
M:\nws\rvamspmn.txt
M:\nws\rvanewla.txt
M:\nws\rvaokcok.txt
M:\nws\rvaomane.txt
M:\nws\rvapahky.txt
M:\nws\rvardunc.txt
M:\nws\rvarr1nd.txt
M:\nws\rvarr2nd.txt
M:\nws\rvasattx.txt
M:\nws\rvasdfky.txt
M:\nws\rvasgfmo.txt
M:\nws\rvashvla.txt
M:\nws\rvasilla.txt
M:\nws\rvastlmo.txt
M:\nws\rvatopks.txt
M:\nws\rvatulok.txt
M:\nws\rvawbcmd.txt
M:\nws\rvfbhmal.txt
M:\nws\rvfbnatn.txt
M:\nws\rvfbtvvt.txt
M:\nws\rvfbufny.txt
M:\nws\rvfcarme.txt
M:\nws\rvfcinoh.txt
M:\nws\rvfgspsc.txt
M:\nws\rvfjanms.txt
M:\nws\rvflchla.txt
M:\nws\rvflitar.txt
M:\nws\rvfmemtn.txt
M:\nws\rvfmobal.txt
M:\nws\rvfmrxtn.txt
M:\nws\rvfnewla.txt
M:\nws\rvfnycny.txt
M:\nws\rvfpahky.txt
M:\nws\rvfpwmme.txt
M:\nws\rvfrhanj.txt
M:\nws\rvfrhany.txt
M:\nws\rvfrhapa.txt
M:\nws\rvfrnkva.txt
M:\nws\rvfsgfmo.txt
M:\nws\rvfshvla.txt
M:\nws\rvfsilla.txt
M:\nws\rvftulok.txt
M:\nws\rvrbhmal.txt
M:\nws\rvrornms.txt
M:\nws\rvrslcut.txt
M:\nws\rvrturok.txt
M:\nws\rvsakqva.txt
M:\nws\rvsatlga.txt
M:\nws\rvsbgmny.txt
M:\nws\rvsbnatn.txt
M:\nws\rvsbosma.txt
M:\nws\rvsbtvvt.txt
M:\nws\rvsbufny.txt
M:\nws\rvscaesc.txt
M:\nws\rvscarme.txt
M:\nws\rvschiil.txt
M:\nws\rvscrwwv.txt
M:\nws\rvsctppa.txt
M:\nws\rvsgtfmt.txt
M:\nws\rvshoutx.txt
M:\nws\rvsilmnc.txt
M:\nws\rvsilnoh.txt
M:\nws\rvsilxil.txt
M:\nws\rvsjanms.txt
M:\nws\rvslitar.txt
M:\nws\rvslsjca.txt
M:\nws\rvsmemtn.txt
M:\nws\rvsmfror.txt
M:\nws\rvsmliil.txt
M:\nws\rvsnewla.txt
M:\nws\rvspdxor.txt
M:\nws\rvsphlpa.txt
M:\nws\rvspitpa.txt
M:\nws\rvspwmme.txt
M:\nws\rvsrdunc.txt
M:\nws\rvsrnkva.txt
M:\nws\rvsshvla.txt
M:\nws\rvstusaz.txt
M:\nws\rvswbcmd.txt
M:\nws\rwsalbny.txt
M:\nws\rwsbosma.txt
M:\nws\rwsbufny.txt
M:\nws\rwsekonv.txt
M:\nws\rwsgtfmt.txt
M:\nws\rwsnycny.txt
M:\nws\sfdancak.txt
M:\nws\sfdfaiak.txt
M:\nws\sfdjnuak.txt
M:\nws\sfpabqnm.txt
M:\nws\sfpakqva.txt
M:\nws\sfpbisnd.txt
M:\nws\sfpbmxal.txt
M:\nws\sfpbouco.txt
M:\nws\sfpboxma.txt
M:\nws\sfpbtvvt.txt
M:\nws\sfpbufny.txt
M:\nws\sfpcaesc.txt
M:\nws\sfpcleoh.txt
M:\nws\sfpcyswy.txt
M:\nws\sfpdenco.txt
M:\nws\sfpdmxia.txt
M:\nws\sfpdtxmi.txt
M:\nws\sfpffcga.txt
M:\nws\sfpfsdsd.txt
M:\nws\sfpfwdtx.txt
M:\nws\sfpindin.txt
M:\nws\sfpjanms.txt
M:\nws\sfpjsjpr.txt
M:\nws\sfplknnv.txt
M:\nws\SFPLMKKY.TXT
M:\nws\sfplsxmo.txt
M:\nws\sfplubtx.txt
M:\nws\SFPLWXDE.TXT
M:\nws\sfplwxmd.txt
M:\nws\sfplzkar.txt
M:\nws\sfpmflfl.txt
M:\nws\sfpmkxwi.txt
M:\nws\sfpmpxmn.txt
M:\nws\sfpmsomt.txt
M:\nws\sfpn11cn.txt
M:\nws\sfpoaxne.txt
M:\nws\sfpokcok.txt
M:\nws\sfpokxny.txt
M:\nws\sfppbzpa.txt
M:\nws\sfpphide.txt
M:\nws\sfpphinj.txt
M:\nws\sfpphipa.txt
M:\nws\sfprahnc.txt
M:\nws\sfprlxwv.txt
M:\nws\sfpsattx.txt
M:\nws\sfpslcut.txt
M:\nws\sfptfxmt.txt
M:\nws\sfptopks.txt
M:\nws\sfpwbcva.txt
M:\nws\sfpwegcn.txt
M:\nws\sfpwhxcn.txt
M:\nws\sfpwlwcn.txt
M:\nws\sfpwntcn.txt
M:\nws\sfpwozcn.txt
M:\nws\sfpwqbcn.txt
M:\nws\sfpwulcn.txt
M:\nws\SFPWWGCN.TXT
M:\nws\sfpwxecn.txt
M:\nws\sfpwyccn.txt
M:\nws\sfpyqxcn.txt
M:\nws\sfpyxycn.txt
M:\nws\shpancak.txt
M:\nws\sixtenus.txt
M:\nws\spsamatx.txt
M:\nws\spsapnmi.txt
M:\nws\spsatlga.txt
M:\nws\spsbhmal.txt
M:\nws\spsbrotx.txt
M:\nws\spschiil.txt
M:\nws\spscyswy.txt
M:\nws\spsdenco.txt
M:\nws\spsdlhmn.txt
M:\nws\spsfarnd.txt
M:\nws\spsffnci.txt
M:\nws\spsffnki.txt
M:\nws\spsffntg.txt
M:\nws\spsfsdsd.txt
M:\nws\spsftwtx.txt
M:\nws\spsgldks.txt
M:\nws\spsgrine.txt
M:\nws\spshoutx.txt
M:\nws\spsjanms.txt
M:\nws\spsjaxfl.txt
M:\nws\spslbbtx.txt
M:\nws\spslbfne.txt
M:\nws\spsmcimo.txt
M:\nws\spsmlbfl.txt
M:\nws\spsmqtmi.txt
M:\nws\spsnewla.txt
M:\nws\spsokcok.txt
M:\nws\spsomane.txt
M:\nws\spspahky.txt
M:\nws\spspubco.txt
M:\nws\spsrapsd.txt
M:\nws\spssattx.txt
M:\nws\SPSSGFMO.TXT
M:\nws\spsshvla.txt
M:\nws\spsspiil.txt
M:\nws\spsstlmo.txt
M:\nws\spstulok.txt
M:\nws\spswegcn.txt
M:\nws\spswlwcn.txt
M:\nws\spswntcn.txt
M:\nws\spswqtcn.txt
M:\nws\spswwgcn.txt
M:\nws\spswxecn.txt
M:\nws\spswxkcn.txt
M:\nws\spsyqxcn.txt
M:\nws\stpabqnm.txt
M:\nws\stpatlga.txt
M:\nws\stpavlnc.txt
M:\nws\stpcyswy.txt
M:\nws\stpdsmia.txt
M:\nws\stpgtfmt.txt
M:\nws\stphfohi.txt
M:\nws\stpjanms.txt
M:\nws\stpokcok.txt
M:\nws\stpphxaz.txt
M:\nws\stpslcut.txt
M:\nws\sumalbny.txt
M:\nws\sumbisnd.txt
M:\nws\sumbufny.txt
M:\nws\sumdsmia.txt
M:\nws\SUMMKEWI.TXT
M:\nws\sumscsca.txt
M:\nws\SUMWWGCN.TXT
M:\nws\svrftwtx.txt
M:\nws\svrgegwa.txt
M:\nws\svrjanms.txt
M:\nws\svrnewla.txt
M:\nws\svrokcok.txt
M:\nws\svsftwtx.txt
M:\nws\svsgegwa.txt
M:\nws\svsjanms.txt
M:\nws\svsokcok.txt
M:\nws\swomkcus.txt
M:\nws\swrabqnm.txt
M:\nws\swrakqva.txt
M:\nws\swralbcn.txt
M:\nws\swralbny.txt
M:\nws\swralbvt.txt
M:\nws\swralyny.txt
M:\nws\SWRANCAK.TXT
M:\nws\swrarbmi.txt
M:\nws\swratlga.txt
M:\nws\swrbhmal.txt
M:\nws\swrbisnd.txt
M:\nws\swrboiid.txt
M:\nws\swrbosma.txt
M:\nws\swrbtvvt.txt
M:\nws\SWRBUFNY.TXT
M:\nws\swrcaesc.txt
M:\nws\swrchiil.txt
M:\nws\swrcleoh.txt
M:\nws\swrcyswy.txt
M:\nws\swrdenco.txt
M:\nws\swrdsmia.txt
M:\nws\swrdtxmi.txt
M:\nws\swrfsdsd.txt
M:\nws\swrftwtx.txt
M:\nws\swrgtfmt.txt
M:\nws\swrgyxme.txt
M:\nws\swrhfohi.txt
M:\nws\swrindin.txt
M:\nws\swrjanms.txt
M:\nws\swrjsjpr.txt
M:\nws\swrlaxca.txt
M:\nws\swrlbbtx.txt
M:\nws\swrlitar.txt
M:\nws\swrmemtn.txt
M:\nws\swrmfror.txt
M:\nws\swrmiafl.txt
M:\nws\swrmspmn.txt
M:\nws\swrnewla.txt
M:\nws\swrnycny.txt
M:\nws\swrokcok.txt
M:\nws\swromane.txt
M:\nws\swrontcn.txt
M:\nws\swrpdxor.txt
M:\nws\swrphlnj.txt
M:\nws\swrphlpa.txt
M:\nws\swrphxaz.txt
M:\nws\swrrahnc.txt
M:\nws\swrrevnv.txt
M:\nws\swrrlxwv.txt
M:\nws\swrsascn.txt
M:\nws\swrsatmx.txt
M:\nws\swrsattx.txt
M:\nws\swrsdfky.txt
M:\nws\swrseawa.txt
M:\nws\swrsfoca.txt
M:\nws\swrslcut.txt
M:\nws\swrstlmo.txt
M:\nws\swrtopks.txt
M:\nws\swrwbcmd.txt
M:\nws\swrwbcva.txt
M:\nws\swsbhmal.txt
M:\nws\swsboiid.txt
M:\nws\swscleoh.txt
M:\nws\swscrwwv.txt
M:\nws\swsfsdsd.txt
M:\nws\swsftwtx.txt
M:\nws\swsgtfmt.txt
M:\nws\swsgyxme.txt
M:\nws\swsindin.txt
M:\nws\swsjsjpr.txt
M:\nws\swslbbtx.txt
M:\nws\swslitar.txt
M:\nws\swsmspmn.txt
M:\nws\swsomane.txt
M:\nws\swsphlpa.txt
M:\nws\swspwmme.txt
M:\nws\swsrdunc.txt
M:\nws\swsrlxwv.txt
M:\nws\swssattx.txt
M:\nws\swx3hrus.txt
M:\nws\SWXINDUS.TXT
M:\nws\swxk04us.txt
M:\nws\tafb31ki.txt
M:\nws\tafc20nn.txt
M:\nws\taff21fp.txt
M:\nws\tafj01fj.txt
M:\nws\tafj31fj.txt
M:\nws\tafq20gu.txt
M:\nws\tafr31ss.txt
M:\nws\tafs31as.txt
M:\nws\tafs31fj.txt
M:\nws\tafs31us.txt
M:\nws\tafu31au.txt
M:\nws\tafv31tu.txt
M:\nws\tafwbcfj.txt
M:\nws\tafz31nz.txt
M:\nws\tidakqva.txt
M:\nws\tidbrotx.txt
M:\nws\tidchssc.txt
M:\nws\tidhgxtx.txt
M:\nws\tidnbcsc.txt
M:\nws\torwozcn.txt
M:\nws\tvlancak.txt
M:\nws\tvlfaiak.txt
M:\nws\uviinxus.txt
M:\nws\wwamkcus.txt
M:\nws\zfpabrsd.txt
M:\nws\zfpajkak.txt
M:\nws\zfpakqva.txt
M:\nws\zfpalyny.txt
M:\nws\ZFPAMATX.TXT
M:\nws\zfpapxmi.txt
M:\nws\zfparxwi.txt
M:\nws\ZFPATLGA.TXT
M:\nws\zfpbgmny.txt
M:\nws\ZFPBHMAL.TXT
M:\nws\zfpbisnd.txt
M:\nws\zfpbnatn.txt
M:\nws\zfpboiid.txt
M:\nws\zfpbouco.txt
M:\nws\zfpboxma.txt
M:\nws\zfpbrotx.txt
M:\nws\zfpbtvvt.txt
M:\nws\zfpbufny.txt
M:\nws\zfpbyzmt.txt
M:\nws\zfpcaesc.txt
M:\nws\zfpcarme.txt
M:\nws\zfpchssc.txt
M:\nws\zfpcleoh.txt
M:\nws\zfpcrptx.txt
M:\nws\zfpctppa.txt
M:\nws\zfpcyswy.txt
M:\nws\zfpddcks.txt
M:\nws\zfpdlhmn.txt
M:\nws\zfpdmxia.txt
M:\nws\zfpdtxmi.txt
M:\nws\zfpdvnia.txt
M:\nws\zfpekaca.txt
M:\nws\zfpeywfl.txt
M:\nws\zfpfgfnd.txt
M:\nws\zfpfgzaz.txt
M:\nws\zfpfsdsd.txt
M:\nws\zfpftwtx.txt
M:\nws\zfpggwmt.txt
M:\nws\ZFPGIDNE.TXT
M:\nws\zfpgjtco.txt
M:\nws\zfpgldks.txt
M:\nws\zfpgrbwi.txt
M:\nws\zfpgrrmi.txt
M:\nws\zfpgspsc.txt
M:\nws\zfpgyxme.txt
M:\nws\zfphfohi.txt
M:\nws\zfphgxtx.txt
M:\nws\zfpictks.txt
M:\nws\zfpilmnc.txt
M:\nws\zfpilnoh.txt
M:\nws\zfpilxil.txt
M:\nws\zfpindin.txt
M:\nws\zfpiwxin.txt
M:\nws\zfpjanms.txt
M:\nws\zfpjaxfl.txt
M:\nws\zfpjnuak.txt
M:\nws\zfplchla.txt
M:\nws\zfplitar.txt
M:\nws\zfplknnv.txt
M:\nws\zfplmkky.txt
M:\nws\ZFPLOTIL.TXT
M:\nws\zfploxca.txt
M:\nws\zfplsxmo.txt
M:\nws\zfplwxmd.txt
M:\nws\ZFPMEMTN.TXT
M:\nws\zfpmfror.txt
M:\nws\zfpmhxnc.txt
M:\nws\zfpmiafl.txt
M:\nws\ZFPMKXWI.TXT
M:\nws\zfpmlbfl.txt
M:\nws\zfpmobal.txt
M:\nws\ZFPMPXMN.TXT
M:\nws\ZFPMQTMI.TXT
M:\nws\zfpmsomt.txt
M:\nws\ZFPNEWLA.TXT
M:\nws\zfpoaxne.txt
M:\nws\zfpokcok.txt
M:\nws\zfpokxny.txt
M:\nws\zfpotxwa.txt
M:\nws\zfppahky.txt
M:\nws\zfppbzpa.txt
M:\nws\zfppdtor.txt
M:\nws\zfpphipa.txt
M:\nws\zfppihid.txt
M:\nws\zfppqror.txt
M:\nws\zfppsraz.txt
M:\nws\zfprahnc.txt
M:\nws\zfprevnv.txt
M:\nws\zfpriwwy.txt
M:\nws\zfprlxwv.txt
M:\nws\zfprnkva.txt
M:\nws\zfpsattx.txt
M:\nws\zfpsewwa.txt
M:\nws\zfpsgfmo.txt
M:\nws\zfpsgxca.txt
M:\nws\zfpshvla.txt
M:\nws\zfpsjttx.txt
M:\nws\zfpslcut.txt
M:\nws\zfptfxmt.txt
M:\nws\zfptlhfl.txt
M:\nws\ZFPTOPKS.TXT
M:\nws\zfptulok.txt
M:\nws\zfpunrsd.txt
M:\nws\admbtvvt.txt
M:\nws\airf01fj.txt
M:\nws\airf20fj.txt
M:\nws\airj01fj.txt
M:\nws\airj20fj.txt
M:\nws\airz02nz.txt
M:\nws\awsokcok.txt
M:\nws\clicyswy.txt
M:\nws\cligtfmt.txt
M:\nws\cwf064ak.txt
M:\nws\cwf064us.txt
M:\nws\nowakqva.txt
M:\nws\nowapnmi.txt
M:\nws\nowbrotx.txt
M:\nws\nowcrptx.txt
M:\nws\nowictks.txt
M:\nws\nowmrxtn.txt
M:\nws\nowpubco.txt
M:\nws\npwboiid.txt
M:\nws\rerlaxca.txt
M:\nws\rtpmlbfl.txt
M:\nws\scs011us.txt
M:\nws\scs012us.txt
M:\nws\scs013us.txt
M:\nws\scs014us.txt
M:\nws\sevmkcus.txt
M:\nws\spsbtvvt.txt
M:\nws\spsphlpa.txt
M:\nws\stpancak.txt
M:\nws\stpffcga.txt
M:\nws\stpfsdsd.txt
M:\nws\stpmflfl.txt
M:\nws\stpmspmn.txt
M:\nws\svrakqva.txt
M:\nws\svrlsewi.txt
M:\nws\svrrdunc.txt
M:\nws\svslsewi.txt
M:\nws\svsrdunc.txt
M:\nws\svsrnkva.txt
M:\nws\swrffcga.txt
M:\nws\swrfwdtx.txt
M:\nws\swrlixla.txt
M:\nws\swrlubtx.txt
M:\nws\swrlzkar.txt
M:\nws\swrmegtn.txt
M:\nws\swrounok.txt
M:\nws\torrnkva.txt
M:\nws\tvldenco.txt
M:\nws\admcrptx.txt
M:\nws\afpabqnm.txt
M:\nws\airff2fj.txt
M:\nws\airst1as.txt
M:\nws\airst2as.txt
M:\nws\airstuas.txt
M:\nws\awsbisnd.txt
M:\nws\awsmliil.txt
M:\nws\cliabitx.txt
M:\nws\cliaknak.txt
M:\nws\clialoia.txt
M:\nws\cliaustx.txt
M:\nws\clibisnd.txt
M:\nws\clibosma.txt
M:\nws\clicdbak.txt
M:\nws\clidsmia.txt
M:\nws\cliekaca.txt
M:\nws\clielptx.txt
M:\nws\clieywfl.txt
M:\nws\clifatca.txt
M:\nws\clifcamt.txt
M:\nws\clifsdsd.txt
M:\nws\clihonsd.txt
M:\nws\cliilmnc.txt
M:\nws\cliisnnd.txt
M:\nws\clilaxca.txt
M:\nws\clilbbtx.txt
M:\nws\climcgak.txt
M:\nws\climcimo.txt
M:\nws\climemtn.txt
M:\nws\climiafl.txt
M:\nws\climrxtn.txt
M:\nws\climsomt.txt
M:\nws\climspmn.txt
M:\nws\clinbcsc.txt
M:\nws\cliomeak.txt
M:\nws\clipbifl.txt
M:\nws\cliphxaz.txt
M:\nws\clipubco.txt
M:\nws\clirapsd.txt
M:\nws\clirddca.txt
M:\nws\clirdunc.txt
M:\nws\clisacca.txt
M:\nws\clisanca.txt
M:\nws\clisdfky.txt
M:\nws\clisfoca.txt
M:\nws\clisjttx.txt
M:\nws\clislcut.txt
M:\nws\clisnpak.txt
M:\nws\clistoca.txt
M:\nws\clisuxia.txt
M:\nws\clitopks.txt
M:\nws\cwf063ak.txt
M:\nws\cwf063us.txt
M:\nws\cwf065ak.txt
M:\nws\cwf065us.txt
M:\nws\cwf066ak.txt
M:\nws\cwf066us.txt
M:\nws\cwfadqak.txt
M:\nws\cwfadqus.txt
M:\nws\cwfajnak.txt
M:\nws\cwfajnus.txt
M:\nws\cwfancak.txt
M:\nws\cwfancus.txt
M:\nws\cwfavdak.txt
M:\nws\cwfavdus.txt
M:\nws\cwfayaak.txt
M:\nws\cwfayaus.txt
M:\nws\efpyxycn.txt
M:\nws\eqrsumus.txt
M:\nws\ffsbgmny.txt
M:\nws\ffwbufny.txt
M:\nws\ffwfarnd.txt
M:\nws\ffwrnkva.txt
M:\nws\flschiil.txt
M:\nws\flsfarnd.txt
M:\nws\flsmkewi.txt
M:\nws\ftmabxnm.txt
M:\nws\fwfafcak.txt
M:\nws\fwfajkak.txt
M:\nws\fwfboiid.txt
M:\nws\fwfdenco.txt
M:\nws\fwflasnv.txt
M:\nws\fwflknnv.txt
M:\nws\fwfolmwa.txt
M:\nws\fwfrddca.txt
M:\nws\fwfrnonv.txt
M:\nws\fwfsacca.txt
M:\nws\fwftusaz.txt
M:\nws\fwfvefnv.txt
M:\nws\glfdtxus.txt
M:\nws\hatt20us.txt
M:\nws\hawspnus.txt
M:\nws\hepn31us.txt
M:\nws\hewz20us.txt
M:\nws\hffep3us.txt
M:\nws\lfpabeak.txt
M:\nws\lfpafaak.txt
M:\nws\lfpaknak.txt
M:\nws\lfpancak.txt
M:\nws\lfpaotak.txt
M:\nws\lfpseawa.txt
M:\nws\lfpsfoca.txt
M:\nws\lsrbgmny.txt
M:\nws\lsrbufny.txt
M:\nws\lsrgspsc.txt
M:\nws\lsrjaxfl.txt
M:\nws\lsrmrxtn.txt
M:\nws\lsrpitpa.txt
M:\nws\lsrrdunc.txt
M:\nws\lsrrnkva.txt
M:\nws\misa20hi.txt
M:\nws\misk31ak.txt
M:\nws\miss31nz.txt
M:\nws\missewwa.txt
M:\nws\miswulcn.txt
M:\nws\mwsn20cn.txt
M:\nws\nowatlga.txt
M:\nws\nowbhmal.txt
M:\nws\nowbilmt.txt
M:\nws\nowbisnd.txt
M:\nws\nowchssc.txt
M:\nws\nowcyswy.txt
M:\nws\nowdenco.txt
M:\nws\nowfatca.txt
M:\nws\nowgldks.txt
M:\nws\nowgspsc.txt
M:\nws\nowilmnc.txt
M:\nws\nowjaxfl.txt
M:\nws\nowlbfne.txt
M:\nws\nowlsewi.txt
M:\nws\nowmcimo.txt
M:\nws\nowmhxnc.txt
M:\nws\nowmiafl.txt
M:\nws\nowmlbfl.txt
M:\nws\nowomane.txt
M:\nws\nowphlpa.txt
M:\nws\nowrapsd.txt
M:\nws\nowrdunc.txt
M:\nws\nowriwwy.txt
M:\nws\nowspnpr.txt
M:\nws\nowtbwfl.txt
M:\nws\nowtopks.txt
M:\nws\npwdenco.txt
M:\nws\npwfatca.txt
M:\nws\npwictks.txt
M:\nws\npwsacca.txt
M:\nws\obs002tg.txt
M:\nws\obsa01us.txt
M:\nws\obsa20fm.txt
M:\nws\obsa20us.txt
M:\nws\obsb01ki.txt
M:\nws\obsc01nn.txt
M:\nws\obsc01us.txt
M:\nws\obsc20nn.txt
M:\nws\obss01nz.txt
M:\nws\obsv01tu.txt
M:\nws\obsw01wf.txt
M:\nws\omrnycny.txt
M:\nws\opuolmwa.txt
M:\nws\pcfstuas.txt
M:\nws\pmfstuas.txt
M:\nws\pnschiil.txt
M:\nws\pnstbwfl.txt
M:\nws\qpsabrsd.txt
M:\nws\qpsbhmal.txt
M:\nws\qpschiil.txt
M:\nws\qpscyswy.txt
M:\nws\qpsgrbwi.txt
M:\nws\qpsilxil.txt
M:\nws\qpslbbtx.txt
M:\nws\qpslchla.txt
M:\nws\qpslitar.txt
M:\nws\qpsmkewi.txt
M:\nws\qpsomane.txt
M:\nws\qpspubco.txt
M:\nws\qpsshvla.txt
M:\nws\qpssjupr.txt
M:\nws\qpsstlmo.txt
M:\nws\recancak.txt
M:\nws\recmsomt.txt
M:\nws\recmtrca.txt
M:\nws\recpdtor.txt
M:\nws\rerflgaz.txt
M:\nws\rermfror.txt
M:\nws\rersanca.txt
M:\nws\rfwdenco.txt
M:\nws\rfwpihid.txt
M:\nws\rtpcyswy.txt
M:\nws\rtpddcks.txt
M:\nws\rtpdsmia.txt
M:\nws\rtpekaca.txt
M:\nws\rtpfarnd.txt
M:\nws\rtpfwain.txt
M:\nws\rtpindin.txt
M:\nws\rtpjklky.txt
M:\nws\rtpmliil.txt
M:\nws\rtpmqtmi.txt
M:\nws\rtpmspmn.txt
M:\nws\rtpmtrca.txt
M:\nws\rtpotxwa.txt
M:\nws\rtppahky.txt
M:\nws\rtppihid.txt
M:\nws\rtprapsd.txt
M:\nws\rtpsgxca.txt
M:\nws\rtpshvla.txt
M:\nws\rtpvefnv.txt
M:\nws\rwsphlpa.txt
M:\nws\sawmkcus.txt
M:\nws\selmkcus.txt
M:\nws\sfdsewwa.txt
M:\nws\sfplixla.txt
M:\nws\sfplotil.txt
M:\nws\sfploxca.txt
M:\nws\sfppdtor.txt
M:\nws\sfppihid.txt
M:\nws\sfppqror.txt
M:\nws\sfprevnv.txt
M:\nws\sfpstoca.txt
M:\nws\sfptsaok.txt
M:\nws\sfptwcaz.txt
M:\nws\sfpvefnv.txt
M:\nws\sfpwzfcn.txt
M:\nws\slsnycnj.txt
M:\nws\slswbcmd.txt
M:\nws\smwwbcmd.txt
M:\nws\spsabrsd.txt
M:\nws\spsakqva.txt
M:\nws\spsctppa.txt
M:\nws\spsmrxtn.txt
M:\nws\spspitpa.txt
M:\nws\spsslsva.txt
M:\nws\spswhxcn.txt
M:\nws\spswq3cn.txt
M:\nws\spswt1cn.txt
M:\nws\spswulcn.txt
M:\nws\stpakqva.txt
M:\nws\stpalyny.txt
M:\nws\stpbhmal.txt
M:\nws\stpbisnd.txt
M:\nws\stpboiid.txt
M:\nws\stpboxma.txt
M:\nws\stpcaesc.txt
M:\nws\stpchiil.txt
M:\nws\stpcleoh.txt
M:\nws\stpindin.txt
M:\nws\stplzkar.txt
M:\nws\stpmegtn.txt
M:\nws\stpomane.txt
M:\nws\stpounok.txt
M:\nws\stppubco.txt
M:\nws\stprahnc.txt
M:\nws\stprlxwv.txt
M:\nws\stpsdfky.txt
M:\nws\stpseawa.txt
M:\nws\stpstlmo.txt
M:\nws\stpstoca.txt
M:\nws\stptopks.txt
M:\nws\sumcyswy.txt
M:\nws\sumphlpa.txt
M:\nws\svrbtvvt.txt
M:\nws\svrcaesc.txt
M:\nws\svrdsmia.txt
M:\nws\svrgspsc.txt
M:\nws\svrgtfmt.txt
M:\nws\svrjaxfl.txt
M:\nws\svrjklky.txt
M:\nws\svrmrxtn.txt
M:\nws\svrphlpa.txt
M:\nws\svrpitpa.txt
M:\nws\svrrnkva.txt
M:\nws\svrwbcmd.txt
M:\nws\svrwbcva.txt
M:\nws\svsakqva.txt
M:\nws\svsbtvvt.txt
M:\nws\svsdsmia.txt
M:\nws\svsgspsc.txt
M:\nws\svsgsvsc.txt
M:\nws\svsjaxfl.txt
M:\nws\svsjklky.txt
M:\nws\svsmrxtn.txt
M:\nws\svspitpa.txt
M:\nws\svswbcmd.txt
M:\nws\swrbtccn.txt
M:\nws\swrsanca.txt
M:\nws\swrstpva.txt
M:\nws\swsabqnm.txt
M:\nws\swsancak.txt
M:\nws\swscyswy.txt
M:\nws\swxal2us.txt
M:\nws\swxdayus.txt
M:\nws\tafz21nz.txt
M:\nws\tidcleoh.txt
M:\nws\torlsewi.txt
M:\nws\torpitpa.txt
M:\nws\torwbcmd.txt
M:\nws\torwbcva.txt
M:\nws\tvl010us.txt
M:\nws\tvl012us.txt
M:\nws\tvl013us.txt
M:\nws\zfpabqnm.txt
M:\nws\zfpafcak.txt
M:\nws\zfpafgak.txt
M:\nws\zfphnxca.txt
M:\nws\zfpjklky.txt
M:\nws\zfplbbtx.txt
M:\nws\zfplbfne.txt
M:\nws\zfpmrxtn.txt
M:\nws\zfpmtrca.txt
M:\nws\zfppubco.txt
M:\nws\zfpstoca.txt
M:\nws\zfptwcaz.txt
M:\nws\zfpwczak.txt
M:\nws\hawtwous.txt
M:\nws\ashz01us.txt
M:\nws\clibrwak.txt
M:\nws\clidlhmn.txt
M:\nws\cligjtco.txt
M:\nws\cliyakak.txt
M:\nws\flsmcimo.txt
M:\nws\opualbny.txt
M:\nws\stplixla.txt
M:\nws\afdilmnc.txt
M:\nws\flwdsmia.txt
M:\nws\stptptcn.txt
M:\nws\admbrotx.txt
M:\nws\qpstulok.txt
M:\nws\sfpalyny.txt
M:\nws\stpgyxme.txt
M:\nws\stppdxor.txt
M:\nws\swsmemtn.txt
M:\nws\swsseawa.txt
M:\nws\lsrwbcmd.txt
M:\nws\rtptlhfl.txt
M:\nws\stpapxmi.txt
M:\nws\lsrakqva.txt
M:\nws\npwddcks.txt
M:\nws\rdfcaesc.txt
M:\nws\afdsgfmo.txt
M:\nws\dy2twous.txt
M:\nws\flspahky.txt
M:\nws\noweywfl.txt
M:\nws\swslubtx.txt
M:\nws\afddlhmn.txt
M:\nws\afdlbbtx.txt
M:\nws\flwftwtx.txt
M:\nws\awsfarnd.txt
M:\nws\fwffatca.txt
M:\nws\lsrlbfne.txt
M:\nws\mislcook.txt
M:\nws\nowflgaz.txt
M:\nws\pnsphxaz.txt
M:\nws\qpssattx.txt
M:\nws\spsmliil.txt
M:\nws\svratlga.txt
M:\nws\svrgrine.txt
M:\nws\svrrapsd.txt
M:\nws\svslbfne.txt
M:\nws\svspubco.txt
M:\nws\nowisnnd.txt
M:\nws\nowphxaz.txt
M:\nws\spsriwwy.txt
M:\nws\svstusaz.txt
M:\nws\torgrine.txt
M:\nws\afdakqva.txt
M:\nws\afdchiil.txt
M:\nws\afdcrptx.txt
M:\nws\afddenco.txt
M:\nws\afdelptx.txt
M:\nws\afdgldks.txt
M:\nws\afdgrbwi.txt
M:\nws\afdlbfne.txt
M:\nws\afdlsewi.txt
M:\nws\afdmkewi.txt
M:\nws\afdmliil.txt
M:\nws\afdpubco.txt
M:\nws\afpilxil.txt
M:\nws\afpmcimo.txt
M:\nws\afpshvla.txt
M:\nws\awsictks.txt
M:\nws\awslbfne.txt
M:\nws\cliacynj.txt
M:\nws\cliamatx.txt
M:\nws\cliatlga.txt
M:\nws\clibgmny.txt
M:\nws\clibrotx.txt
M:\nws\clichiil.txt
M:\nws\clicsgga.txt
M:\nws\clifmyfl.txt
M:\nws\cligsonc.txt
M:\nws\clihoutx.txt
M:\nws\cliilgde.txt
M:\nws\clilyhva.txt
M:\nws\climcnga.txt
M:\nws\cliphlpa.txt
M:\nws\clipiail.txt
M:\nws\clirnkva.txt
M:\nws\cliroava.txt
M:\nws\clirstwi.txt
M:\nws\clispiil.txt
M:\nws\efpwlwcn.txt
M:\nws\efpwn2cn.txt
M:\nws\efpwntcn.txt
M:\nws\efpwwgcn.txt
M:\nws\ffamaftx.txt
M:\nws\ffasattx.txt
M:\nws\ffsakqva.txt
M:\nws\ffsrdunc.txt
M:\nws\ffwmaftx.txt
M:\nws\fwfarxwi.txt
M:\nws\fwfcyswy.txt
M:\nws\fwfdlhmn.txt
M:\nws\fwffarnd.txt
M:\nws\fwfftwtx.txt
M:\nws\fwfgrbwi.txt
M:\nws\fwfgtfmt.txt
M:\nws\fwfhgxtx.txt
M:\nws\fwfmhxnc.txt
M:\nws\fwfmspmn.txt
M:\nws\fwfpihid.txt
M:\nws\fwfpubco.txt
M:\nws\fwfriwwy.txt
M:\nws\fwfslcut.txt
M:\nws\hawt20us.txt
M:\nws\hedz43us.txt
M:\nws\hefz23us.txt
M:\nws\hepz33us.txt
M:\nws\hwfw10us.txt
M:\nws\lsrmiafl.txt
M:\nws\misccfmd.txt
M:\nws\mwsn25cn.txt
M:\nws\nowabqnm.txt
M:\nws\nowfsdsd.txt
M:\nws\nowgjtco.txt
M:\nws\nowmobal.txt
M:\nws\nowpihid.txt
M:\nws\nowtusaz.txt
M:\nws\nshdtxus.txt
M:\nws\omrfokny.txt
M:\nws\omrwalmd.txt
M:\nws\opugldks.txt
M:\nws\opunewla.txt
M:\nws\pnsbtvvt.txt
M:\nws\pnsgrrmi.txt
M:\nws\pnsstlmo.txt
M:\nws\pnstopks.txt
M:\nws\qpselptx.txt
M:\nws\qpsfsdsd.txt
M:\nws\qpsgrine.txt
M:\nws\qpsgrrmi.txt
M:\nws\qpshoutx.txt
M:\nws\qpsictks.txt
M:\nws\qpslbfne.txt
M:\nws\qpsmaftx.txt
M:\nws\qpsmcimo.txt
M:\nws\qpsmliil.txt
M:\nws\qpsmqtmi.txt
M:\nws\qpssjttx.txt
M:\nws\qpstopks.txt
M:\nws\rdfmcimo.txt
M:\nws\rdfokcok.txt
M:\nws\reclsxmo.txt
M:\nws\recmqtmi.txt
M:\nws\rertbwfl.txt
M:\nws\rvresfut.txt
M:\nws\rvsmaftx.txt
M:\nws\rwscyswy.txt
M:\nws\rwsmkewi.txt
M:\nws\sfpboiid.txt
M:\nws\sfpewxtx.txt
M:\nws\sfpfgzaz.txt
M:\nws\sfpmrfau.txt
M:\nws\sfpohxtn.txt
M:\nws\sfpotxwa.txt
M:\nws\sfpseawa.txt
M:\nws\sfpsewwa.txt
M:\nws\sfpwaocn.txt
M:\nws\slsomane.txt
M:\nws\slstopks.txt
M:\nws\smwakqva.txt
M:\nws\smwchssc.txt
M:\nws\smwmhxnc.txt
M:\nws\spsdsmia.txt
M:\nws\spsindin.txt
M:\nws\spswq2cn.txt
M:\nws\stookcok.txt
M:\nws\svrabqnm.txt
M:\nws\svrabrsd.txt
M:\nws\svrfsdsd.txt
M:\nws\svrgjtco.txt
M:\nws\svrhoutx.txt
M:\nws\svrlbfne.txt
M:\nws\svrpubco.txt
M:\nws\svrsgfmo.txt
M:\nws\svrshvla.txt
M:\nws\svrslcut.txt
M:\nws\svsfsdsd.txt
M:\nws\svsgjtco.txt
M:\nws\svshoutx.txt
M:\nws\svsphxaz.txt
M:\nws\svssgfmo.txt
M:\nws\svsslcut.txt
M:\nws\swsbmxal.txt
M:\nws\swsfwdtx.txt
M:\nws\swslzkar.txt
M:\nws\tidcrptx.txt
M:\nws\torlbfne.txt
M:\nws\tsuhhhus.txt
M:\nws\tsuuhbus.txt
M:\nws\zfpelptx.txt
M:\nws\zfpjsjpr.txt
M:\nws\zfpmaftx.txt
M:\nws\zfpmcimo.txt
M:\nws\zfptbwfl.txt
M:\nws\svsgrine.txt
M:\nws\cliannak.txt
M:\nws\lsrabrsd.txt
M:\nws\nowancak.txt
M:\nws\pnssfoca.txt
M:\nws\svsrapsd.txt
M:\nws\sfppsraz.txt
M:\nws\svrbisnd.txt
M:\nws\svrphxaz.txt
